// Jest Snapshot v1, https://goo.gl/fbAQLP

exports[`Testing the custom button cumponent should match the snapshot 1`] = `
<button
  className="btn green ghost"
  data-testid="customButton"
>
  Custom Button
</button>
`;
